MAP
	NAME "wmstest"
	EXTENT -41.413966 -7.838684 -37.279315 -2.803906
	SIZE 800 600
	
	PROJECTION 
		"init=epsg:4326"
	END
	
	WEB
		HEADER	"../templates/latest_web_header.html"
		FOOTER	"../templates/latest_web_footer.html"
		METADATA
			"wms_title"						"latest watermasks WMS Demo"
			"wms_enable_request" 			"*"
			"ows_enable_request"			"*"
			"ows_include_items"     		"all"
			"wms_onlineresource"			"http://141.89.96.184/latestwms&"
			"wms_srs"						"EPSG:4326"
			"wms_feature_info_mime_type" 	"text/html"
			"wms_format" 					"image/png"
		END
	END
	
  LAYER
    NAME 		watermask
    STATUS 		ON
    TYPE 		POLYGON
    CONNECTIONTYPE 	POSTGIS
    CONNECTION 		"host=localhost dbname=watermasks user=user password=password"
    DATA 			"geom from (select distinct on (id_cogerh) id_cogerh, ingestion_time, area, geom, id from masks order by id_cogerh, ingestion_time desc) as subquery using unique id using srid=4326"
    #PROCESSING 		"NATIVE_FILTER=extract(year from ingestion_time) = 2018 AND extract(month from ingestion_time) = 3"
    
    HEADER 	 "../templates/latest_layer_header.html"
    FOOTER 	 "../templates/latest_layer_footer.html"
    TEMPLATE "../templates/latest_query.html"
    
    METADATA
    	"wms_title"						"latest watermasks"
    	"wms_feature_info_mime_type" 	"text/html"
    	"wms_enable_request"			"*"

    END
    
    CLASS
      STYLE
        COLOR 0 0 0 
      END
    END 
  END
END
		
